../Core/Src/code7seg.c:11:6:led7seg_0	8	static
../Core/Src/code7seg.c:20:6:led7seg_1	8	static
../Core/Src/code7seg.c:29:6:led7seg_2	8	static
../Core/Src/code7seg.c:38:6:led7seg_3	8	static
../Core/Src/code7seg.c:47:6:led7seg_4	8	static
../Core/Src/code7seg.c:56:6:led7seg_5	8	static
../Core/Src/code7seg.c:65:6:led7seg_6	8	static
../Core/Src/code7seg.c:74:6:led7seg_7	8	static
../Core/Src/code7seg.c:83:6:led7seg_8	8	static
../Core/Src/code7seg.c:92:6:led7seg_9	8	static
../Core/Src/code7seg.c:102:6:display7SEG	16	static
../Core/Src/code7seg.c:142:6:update7SEG	16	static
